{
  "block": 256,
  "cases": [
    {
      "case": "vector_add",
      "contract": "pointwise_minimal",
      "traffic_bytes": 50331648,
      "triton_gbps": 1027.9546119630509,
      "triton_us": 48.96290888163177,
      "tvm_gbps": 5029.793446038586,
      "tvm_to_triton_gbps": 4.893011216159978,
      "tvm_us": 10.006702768210232
    },
    {
      "case": "pointwise_chain",
      "contract": "pointwise_minimal",
      "traffic_bytes": 67108864,
      "triton_gbps": 1038.0626111589754,
      "triton_us": 64.64818526223031,
      "tvm_gbps": 6651.8135800042355,
      "tvm_to_triton_gbps": 6.4079117275764546,
      "tvm_us": 10.0888070889018
    },
    {
      "case": "dual_store",
      "contract": "pointwise_flat",
      "traffic_bytes": 67108864,
      "triton_gbps": 1139.0027827679571,
      "triton_us": 58.91896404055734,
      "tvm_gbps": 5385.009360088042,
      "tvm_to_triton_gbps": 4.727828098015368,
      "tvm_us": 12.462162925358928
    },
    {
      "case": "scalar_broadcast",
      "contract": "pointwise_flat",
      "traffic_bytes": 50331648,
      "triton_gbps": 1190.1811263856014,
      "triton_us": 42.28906582719014,
      "tvm_gbps": 4321.737898622633,
      "tvm_to_triton_gbps": 3.6311598317367815,
      "tvm_us": 11.646159295324464
    }
  ],
  "device": "NVIDIA RTX 6000D",
  "n": 4194304,
  "purpose": "m2.5 standalone pointwise performance baseline/regression guard",
  "schema_version": 1,
  "triton_rep": 100,
  "triton_version": "3.7.0",
  "triton_warmup": 25,
  "tvm_min_repeat_ms": 100,
  "tvm_number": 20,
  "tvm_repeat": 7,
  "tvm_version": "0.24.0"
}
